// Jest Snapshot v1, https://goo.gl/fbAQLP

exports[`Home screen renders correctly renders correctly 1`] = `null`;
