// Jest Snapshot v1, https://goo.gl/fbAQLP

exports[`Meditation screen tests matches snapshot 1`] = `null`;
